https://youtu.be/8SbUC-UaAxE?si=QRRDjYoJRZU8R9vv
https://youtu.be/d27gTrPPAyk?si=cyyiY2KdW_mDQeJy
https://youtu.be/mQQKZ5cgybU?si=pWtDJ6uoang4R_5K
https://youtu.be/t0vpWhby3WM?si=F0L0dwVeKjpG7dDr
https://youtu.be/KD_1Z8iUDho?si=G4ufNflYosY_YKFS
https://youtu.be/CvglW3KNSsQ?si=-wQ35jHAiGQf-nfv
https://youtu.be/dvgZkm1xWPE?si=hPG-XUiJDChh2dwe
https://youtu.be/3JWTaaS7LdU?si=pzGC8mvwJvgaXpsx
https://youtu.be/F2RnxZnubCM?si=aIw0FHnN4oxjAjW0
https://youtu.be/HQxWYC0nReo?si=CQ82jPpwOMxy035J
https://youtu.be/8kooIgKESYE?si=VIwrWwpfxyrWWzN4
https://youtu.be/OUQX1bPmQyM?si=lk598dhlCRMVlxKg
https://youtu.be/eWupm_cePX8?si=UhIUHs6hGXqE49t-
https://youtu.be/gbyoNrwA_Gk?si=-nDqzo7p2ULWcgg-
https://youtu.be/NlwIDxCjL-8?si=mOlUFg06rLTRD3wH
https://youtu.be/8kQZHYbZkLs?si=0jp3R9xl1jFljHcz
https://youtu.be/fyDFuOT0gw0?si=GYy_2oxgzUipQrn4
https://youtu.be/Cgeum_lZ0XI?si=oEC9Fn5Y48K9pW6t
https://youtu.be/GzGtEPdmR3g?si=s6Hb1oEPsw6N_N_h
https://youtu.be/L0FQb3RMfPg?si=ZNT9h3RE5I79wUlt
https://youtu.be/AWNabIZN_lA?si=Bvef1wvCLqQvyXmC
https://youtu.be/5mNY_Ykfx0o?si=yfxt_Ly36DrDl8BS
https://youtu.be/My2FRPA3Gf8?si=F3AFNfOmVmuZtYPA
https://youtu.be/2ggzxInyzVE?si=ol1vvXCpHiBOdjGd
https://youtu.be/BQ0mxQXmLsk?si=4QDKhdCadp0Dzfi-
https://youtu.be/ekzHIouo8Q4?si=y-4_y2rr0AjlgYaa
https://youtu.be/7-7knsP2n5w?si=10oxnzMEs12ul0-L
https://youtu.be/RgKAFK5djSk?si=QTnIryhW7MCB_fpf
https://youtu.be/TUVcZfQe-Kw?si=jdJ10WBZ4hJ8onVP
https://youtu.be/cBVGlBWQzuc?si=lQmuwV37BGh_KTsJ
https://youtu.be/c6rP-YP4c5I?si=CkaMNpalk32XkJr7
https://youtu.be/JZ9pHBEUWPo?si=lYR8Tlbpo0wbR3j0
https://youtu.be/kJQP7kiw5Fk?si=uU8MiW_sbJvvu_AW
https://youtu.be/aatr_2MstrI?si=BBaDwZNkIaR2jJuY
https://youtu.be/pRpeEdMmmQ0?si=VlfNo_X9ZzfHyn-n
https://youtu.be/_oYSiPBUuC8?si=L3oNZ6u9ywKZYt3G
https://youtu.be/_pCq27fVgmk?si=uhE3qV035xDg_7l7
https://youtu.be/u9Dg-g7t2l4?si=eJvP47XBvpNTmBuE
https://youtu.be/ekr2nIex040?si=KlpJi0ucVzpfAgL_
https://youtu.be/b3KUDuVJfn8?si=vBknlEwGEFY2VqMJ
https://youtu.be/LjhCEhWiKXk?si=m7ZYIo4121bomQ8V
https://youtu.be/SR6iYWJxHqs?si=jqFVuSKbzO8r6Ha2
https://youtu.be/TuKdf_xvg2E?si=VLz7mapdEjSOnDKi
https://youtu.be/kIjUfXfJjGU?si=PPBlR1_3UBzQ3VlH
https://youtu.be/h6Ol3eprKiw?si=vNE2QyiWcPbqRSM5
https://youtu.be/nYh-n7EOtMA?si=myKkjwyuGp3DpM5s
https://youtu.be/RxUZLmN5RsY?si=Yer6Tv0O6-A2YYdF
https://youtu.be/ZbZSe6N_BXs?si=zbtBcOSIEup04_gO
https://youtu.be/09R8_2nJtjg?si=il7aXJWu4_u-o8Xi
https://youtu.be/YgUdyBQA37c?si=v_kcbXl6oDoeRRF4
https://youtu.be/DyDfgMOUjCI?si=Vwwq_hPHrb2n68ZW
https://youtu.be/6qurGSeiIm0?si=42gXZzUeJgBiB38Q
https://youtu.be/ncO4amwCLEs?si=pu0RBVhW-HCqVrJC
https://youtu.be/XMRqRvcb6hM?si=dxbGjT-41ToIiyn2
https://youtu.be/pQ_K9QGCWE0?si=E9cLPx3Js96A2fV2
https://youtu.be/Pkh8UtuejGw?si=dYc31EW7V5VeWOOV
https://youtu.be/Hy-zRZQo79Q?si=UQFt1lc29SmbLaoI
https://youtu.be/QUwxKWT6m7U?si=dKZymjN0p-tKmrVu
https://youtu.be/axfdk2JtEPg?si=zcTJaFpvMurkEAjt
https://youtu.be/VTeBOe95nOo?si=N16DL-gearlpZ7o_
https://youtu.be/AerJ25UEp5c?si=zahw73Ctq3AtZ6mQ
